#-----------------------------------------------------------
# Vivado v2024.2 (64-bit)
# SW Build 5239630 on Fri Nov 08 22:35:27 MST 2024
# IP Build 5239520 on Sun Nov 10 16:12:51 MST 2024
# SharedData Build 5239561 on Fri Nov 08 14:39:27 MST 2024
# Start of session at: Fri Aug 29 15:14:36 2025
# Process ID         : 5232
# Current directory  : C:/Users/student/Documents/Test/GAN_Malware/HDC_Verilog/HDC_Verilog.runs/impl_1
# Command line       : vivado.exe -log top_inference_wrapper.vdi -applog -product Vivado -messageDb vivado.pb -mode batch -source top_inference_wrapper.tcl -notrace
# Log file           : C:/Users/student/Documents/Test/GAN_Malware/HDC_Verilog/HDC_Verilog.runs/impl_1/top_inference_wrapper.vdi
# Journal file       : C:/Users/student/Documents/Test/GAN_Malware/HDC_Verilog/HDC_Verilog.runs/impl_1\vivado.jou
# Running On         : DESKTOP-AQRALDA
# Platform           : Windows Server 2016 or Windows 10
# Operating System   : 19045
# Processor Detail   : Intel(R) Core(TM) i5-2400 CPU @ 3.10GHz
# CPU Frequency      : 3093 MHz
# CPU Physical cores : 4
# CPU Logical cores  : 4
# Host memory        : 8561 MB
# Swap memory        : 2993 MB
# Total Virtual      : 11555 MB
# Available Virtual  : 4847 MB
#-----------------------------------------------------------
source top_inference_wrapper.tcl -notrace
